../Core/Src/main.c:163:5:main	8	static
../Core/Src/main.c:230:6:SystemClock_Config	72	static
../Core/Src/main.c:270:13:MX_SPI1_Init	8	static
../Core/Src/main.c:308:13:MX_TIM1_Init	96	static
../Core/Src/main.c:383:13:MX_TIM2_Init	32	static
../Core/Src/main.c:428:13:MX_TIM3_Init	32	static
../Core/Src/main.c:473:13:MX_GPIO_Init	40	static
../Core/Src/main.c:528:6:HAL_GPIO_EXTI_Callback	16	static
../Core/Src/main.c:563:6:HAL_TIM_PeriodElapsedCallback	16	static
../Core/Src/main.c:582:6:GameModeSelectionLoop	32	static
../Core/Src/main.c:660:6:GameLoop	64	static
../Core/Src/main.c:779:6:GameOverLoop	8	static
../Core/Src/main.c:810:6:UaUaUaUaUaaaa	16	static
../Core/Src/main.c:852:6:Error_Handler	4	static,ignoring_inline_asm
